// Jest Snapshot v1, https://goo.gl/fbAQLP

exports[`Controls component renders App 1`] = `
<form
  onSubmit={[Function]}
>
  <input
    onChange={[Function]}
    type="text"
  />
  <button>
    Find Groovy Music
  </button>
</form>
`;
